// Jest Snapshot v1, https://goo.gl/fbAQLP

exports[`BoradCard Component matches snapshot 1`] = `
<DocumentFragment>
  <div
    class="rounded-lg border text-card-foreground shadow-sm h-36 cursor-pointer bg-slate-200 dark:bg-slate-900"
    style="background-image: url(test-image-url); background-size: cover;"
  >
    <div
      class="flex-col flex justify-between gap-4 space-y-0 p-4"
    >
      <div
        class="flex justify-between"
      >
        <div
          class="space-y-1"
        >
          <h3
            class="text-2xl font-semibold leading-none tracking-tight"
          >
            Test Board
          </h3>
        </div>
        <button
          class="inline-flex items-center justify-center rounded-md text-sm font-medium ring-offset-background transition-colors focus-visible:outline-none focus-visible:ring-2 focus-visible:ring-ring focus-visible:ring-offset-2 disabled:pointer-events-none disabled:opacity-50 hover:bg-accent hover:text-accent-foreground h-10 px-4 py-2"
        >
          <svg
            class="h-8 w-8"
            data-testid="star-icon2"
            fill="none"
            height="24"
            stroke="white"
            stroke-linecap="round"
            stroke-linejoin="round"
            stroke-width="3"
            viewBox="0 0 24 24"
            width="24"
            xmlns="http://www.w3.org/2000/svg"
          >
            <polygon
              points="12 2 15.09 8.26 22 9.27 17 14.14 18.18 21.02 12 17.77 5.82 21.02 7 14.14 2 9.27 8.91 8.26 12 2"
            />
          </svg>
        </button>
      </div>
    </div>
  </div>
</DocumentFragment>
`;
